=== GPU Check ===
Tue Mar 31 04:18:52 2026       
+---------------------------------------------------------------------------------------+
| NVIDIA-SMI 535.154.05             Driver Version: 535.154.05   CUDA Version: 12.2     |
|-----------------------------------------+----------------------+----------------------+
| GPU  Name                 Persistence-M | Bus-Id        Disp.A | Volatile Uncorr. ECC |
| Fan  Temp   Perf          Pwr:Usage/Cap |         Memory-Usage | GPU-Util  Compute M. |
|                                         |                      |               MIG M. |
|=========================================+======================+======================|
|   0  NVIDIA A30                     On  | 00000000:61:00.0 Off |                    0 |
| N/A   33C    P0              28W / 165W |      0MiB / 24576MiB |      0%      Default |
|                                         |                      |             Disabled |
+-----------------------------------------+----------------------+----------------------+
                                                                                         
+---------------------------------------------------------------------------------------+
| Processes:                                                                            |
|  GPU   GI   CI        PID   Type   Process name                            GPU Memory |
|        ID   ID                                                             Usage      |
|=======================================================================================|
|  No running processes found                                                           |
+---------------------------------------------------------------------------------------+
CUDA available: True, Device: NVIDIA A30

=== Pipeline v2.2 — Stage 1 ALL videos ===
Time: Tue Mar 31 04:18:56 IST 2026


==========================================
Processing: videos/A0.mp4
Start: Tue Mar 31 04:18:56 IST 2026
==========================================
2026-03-31 04:19:10 - whisperx.vads.pyannote - INFO - Performing voice activity detection using Pyannote...
Model was trained with pyannote.audio 0.0.1, yours is 3.4.0. Bad things might happen unless you revert pyannote.audio to 0.x.
Model was trained with torch 1.10.0+cu102, yours is 2.8.0+cu128. Bad things might happen unless you revert torch to 1.x.

=== A0: Output files ===
total 6810
drwxr-xr-x 3 senthil1 phd    4096 Mar 31 04:19 .
drwxr-xr-x 3 senthil1 phd    4096 Mar 31 04:18 ..
-rw-r--r-- 1 senthil1 phd 6928170 Mar 31 04:19 audio.wav
drwxr-xr-x 2 senthil1 phd    4096 Mar 31 04:19 diagnostics
-rw-r--r-- 1 senthil1 phd      69 Mar 31 04:19 timings.json
-rw-r--r-- 1 senthil1 phd    4498 Mar 31 04:19 transcript_segments.csv
-rw-r--r-- 1 senthil1 phd    4571 Mar 31 04:19 transcript_segments_improved.csv
-rw-r--r-- 1 senthil1 phd   17385 Mar 31 04:19 transcript_words.csv

=== A0: Diagnostics ===
{
  "asr_backend": "faster-whisper (fallback)",
  "n_words_total": 627,
  "n_words_reliable": 578,
  "n_words_flagged": 49,
  "pct_unreliable": 7.81,
  "flag_reasons": {
    "duration_out_of_range": 48,
    "large_gap_over_3s": 1,
    "non_monotonic": 0,
    "missing_timestamp": 0
  },
  "n_segments_raw_whisper": 42,
  "n_segments_after_pysbd": 40,
  "n_segments_merged_short": 2,
  "word_duration_stats": {
    "mean_s": 0.2959,
    "median_s": 0.3,
    "min_s": 0.0,
    "max_s": 0.88,
    "std_s": 0.1574
  },
  "inter_word_gap_stats": {
    "mean_s": 0.0422,
    "median_s": 0.0,
    "min_s": 0.0,
    "max_s": 4.9,
    "n_gaps_over_3s": 1,
    "n_negative_gaps": 0
  },
  "segment_stats": {
    "mean_duration_s": 4.89,
    "min_duration_s": 0.0,
    "max_duration_s": 10.72,
    "mean_n_words": 15.7,
    "min_n_words": 4,
    "max_n_words": 33
  },
  "time_coverage": {
    "first_word_time": 3.4400000000000013,
    "last_word_time": 215.38,
    "transcript_span_s": 211.94
  },
  "flagged_word_samples": [
    {
      "word_id": 40,
      "word": "the",
      "start_time": 15.96,
      "end_time": 15.98
    },
    {
      "word_id": 157,
      "word": "Let's",
      "start_time": 60.92,
      "end_time": 61.52
    },
    {
      "word_id": 228,
      "word": "is",
      "start_time": 86.08,
      "end_time": 86.08
    },
    {
      "word_id": 229,
      "word": "a",
      "start_time": 86.08,
      "end_time": 86.08
    },
    {
      "word_id": 230,
      "word": "very",
      "start_time": 86.08,
      "end_time": 86.08
    },
    {
      "word_id": 231,
      "word": "simple",
      "start_time": 86.08,
      "end_time": 86.08
    },
    {
      "word_id": 232,
      "word": "process.",
      "start_time": 86.08,
      "end_time": 86.08
    },
    {
      "word_id": 233,
      "word": "It's",
      "start_time": 86.08,
      "end_time": 86.08
    },
    {
      "word_id": 234,
      "word": "a",
      "start_time": 86.08,
      "end_time": 86.08
    },
    {
      "word_id": 235,
      "word": "very",
      "start_time": 86.08,
      "end_time": 86.08
    },
    {
      "word_id": 236,
      "word": "simple",
      "start_time": 86.08,
      "end_time": 86.08
    },
    {
      "word_id": 237,
      "word": "process,",
      "start_time": 86.08,
      "end_time": 86.08
    },
    {
      "word_id": 238,
      "word": "and",
      "start_time": 86.08,
      "end_time": 86.08
    },
    {
      "word_id": 239,
      "word": "it's",
      "start_time": 86.08,
      "end_time": 86.08
    },
    {
      "word_id": 240,
      "word": "a",
      "start_time": 86.08,
      "end_time": 86.08
    },
    {
      "word_id": 241,
      "word": "very",
      "start_time": 86.08,
      "end_time": 86.08
    },
    {
      "word_id": 242,
      "word": "simple",
      "start_time": 86.08,
      "end_time": 86.08
    },
    {
      "word_id": 244,
      "word": "It's",
      "start_time": 86.26,
      "end_time": 86.26
    },
    {
      "word_id": 245,
      "word": "a",
      "start_time": 86.26,
      "end_time": 86.26
    },
    {
      "word_id": 246,
      "word": "very",
      "start_time": 86.26,
      "end_time": 86.26
    }
  ]
}
Finished: videos/A0.mp4 at Tue Mar 31 04:19:28 IST 2026

==========================================
Processing: videos/A1.mp4
Start: Tue Mar 31 04:19:28 IST 2026
==========================================
2026-03-31 04:19:43 - whisperx.vads.pyannote - INFO - Performing voice activity detection using Pyannote...
Model was trained with pyannote.audio 0.0.1, yours is 3.4.0. Bad things might happen unless you revert pyannote.audio to 0.x.
Model was trained with torch 1.10.0+cu102, yours is 2.8.0+cu128. Bad things might happen unless you revert torch to 1.x.

=== A1: Output files ===
total 6770
drwxr-xr-x 3 senthil1 phd    4096 Mar 31 04:19 .
drwxr-xr-x 4 senthil1 phd    4096 Mar 31 04:19 ..
-rw-r--r-- 1 senthil1 phd 6928912 Mar 31 04:19 audio.wav
drwxr-xr-x 2 senthil1 phd    4096 Mar 31 04:19 diagnostics
-rw-r--r-- 1 senthil1 phd      69 Mar 31 04:19 timings.json
-rw-r--r-- 1 senthil1 phd    4382 Mar 31 04:19 transcript_segments.csv
-rw-r--r-- 1 senthil1 phd    4333 Mar 31 04:19 transcript_segments_improved.csv
-rw-r--r-- 1 senthil1 phd   16435 Mar 31 04:19 transcript_words.csv

=== A1: Diagnostics ===
{
  "asr_backend": "faster-whisper (fallback)",
  "n_words_total": 596,
  "n_words_reliable": 594,
  "n_words_flagged": 2,
  "pct_unreliable": 0.34,
  "flag_reasons": {
    "duration_out_of_range": 2,
    "large_gap_over_3s": 0,
    "non_monotonic": 0,
    "missing_timestamp": 0
  },
  "n_segments_raw_whisper": 46,
  "n_segments_after_pysbd": 37,
  "n_segments_merged_short": 9,
  "word_duration_stats": {
    "mean_s": 0.3219,
    "median_s": 0.3,
    "min_s": 0.02,
    "max_s": 0.84,
    "std_s": 0.137
  },
  "inter_word_gap_stats": {
    "mean_s": 0.0337,
    "median_s": 0.0,
    "min_s": 0.0,
    "max_s": 0.78,
    "n_gaps_over_3s": 0,
    "n_negative_gaps": 0
  },
  "segment_stats": {
    "mean_duration_s": 5.44,
    "min_duration_s": 1.08,
    "max_duration_s": 11.64,
    "mean_n_words": 16.1,
    "min_n_words": 4,
    "max_n_words": 37
  },
  "time_coverage": {
    "first_word_time": 3.4999999999999973,
    "last_word_time": 215.44,
    "transcript_span_s": 211.94
  },
  "flagged_word_samples": [
    {
      "word_id": 40,
      "word": "the",
      "start_time": 15.98,
      "end_time": 16.0
    },
    {
      "word_id": 179,
      "word": "the",
      "start_time": 63.56,
      "end_time": 63.6
    }
  ]
}
Finished: videos/A1.mp4 at Tue Mar 31 04:20:01 IST 2026

==========================================
Processing: videos/A3.mp4
Start: Tue Mar 31 04:20:01 IST 2026
==========================================
2026-03-31 04:20:15 - whisperx.vads.pyannote - INFO - Performing voice activity detection using Pyannote...
Model was trained with pyannote.audio 0.0.1, yours is 3.4.0. Bad things might happen unless you revert pyannote.audio to 0.x.
Model was trained with torch 1.10.0+cu102, yours is 2.8.0+cu128. Bad things might happen unless you revert torch to 1.x.

=== A3: Output files ===
total 6770
drwxr-xr-x 3 senthil1 phd    4096 Mar 31 04:20 .
drwxr-xr-x 5 senthil1 phd    4096 Mar 31 04:20 ..
-rw-r--r-- 1 senthil1 phd 6928912 Mar 31 04:20 audio.wav
drwxr-xr-x 2 senthil1 phd    4096 Mar 31 04:20 diagnostics
-rw-r--r-- 1 senthil1 phd      69 Mar 31 04:20 timings.json
-rw-r--r-- 1 senthil1 phd    4382 Mar 31 04:20 transcript_segments.csv
-rw-r--r-- 1 senthil1 phd    4333 Mar 31 04:20 transcript_segments_improved.csv
-rw-r--r-- 1 senthil1 phd   16435 Mar 31 04:20 transcript_words.csv

=== A3: Diagnostics ===
{
  "asr_backend": "faster-whisper (fallback)",
  "n_words_total": 596,
  "n_words_reliable": 594,
  "n_words_flagged": 2,
  "pct_unreliable": 0.34,
  "flag_reasons": {
    "duration_out_of_range": 2,
    "large_gap_over_3s": 0,
    "non_monotonic": 0,
    "missing_timestamp": 0
  },
  "n_segments_raw_whisper": 46,
  "n_segments_after_pysbd": 37,
  "n_segments_merged_short": 9,
  "word_duration_stats": {
    "mean_s": 0.3219,
    "median_s": 0.3,
    "min_s": 0.02,
    "max_s": 0.84,
    "std_s": 0.137
  },
  "inter_word_gap_stats": {
    "mean_s": 0.0337,
    "median_s": 0.0,
    "min_s": 0.0,
    "max_s": 0.78,
    "n_gaps_over_3s": 0,
    "n_negative_gaps": 0
  },
  "segment_stats": {
    "mean_duration_s": 5.44,
    "min_duration_s": 1.08,
    "max_duration_s": 11.64,
    "mean_n_words": 16.1,
    "min_n_words": 4,
    "max_n_words": 37
  },
  "time_coverage": {
    "first_word_time": 3.4999999999999973,
    "last_word_time": 215.44,
    "transcript_span_s": 211.94
  },
  "flagged_word_samples": [
    {
      "word_id": 40,
      "word": "the",
      "start_time": 15.98,
      "end_time": 16.0
    },
    {
      "word_id": 179,
      "word": "the",
      "start_time": 63.56,
      "end_time": 63.6
    }
  ]
}
Finished: videos/A3.mp4 at Tue Mar 31 04:20:32 IST 2026

==========================================
Processing: videos/A5.mp4
Start: Tue Mar 31 04:20:32 IST 2026
==========================================
2026-03-31 04:20:45 - whisperx.vads.pyannote - INFO - Performing voice activity detection using Pyannote...
Model was trained with pyannote.audio 0.0.1, yours is 3.4.0. Bad things might happen unless you revert pyannote.audio to 0.x.
Model was trained with torch 1.10.0+cu102, yours is 2.8.0+cu128. Bad things might happen unless you revert torch to 1.x.

=== A5: Output files ===
total 6794
drwxr-xr-x 3 senthil1 phd    4096 Mar 31 04:21 .
drwxr-xr-x 6 senthil1 phd    4096 Mar 31 04:20 ..
-rw-r--r-- 1 senthil1 phd 6928912 Mar 31 04:20 audio.wav
drwxr-xr-x 2 senthil1 phd    4096 Mar 31 04:21 diagnostics
-rw-r--r-- 1 senthil1 phd      69 Mar 31 04:21 timings.json
-rw-r--r-- 1 senthil1 phd    4382 Mar 31 04:21 transcript_segments.csv
-rw-r--r-- 1 senthil1 phd    4333 Mar 31 04:21 transcript_segments_improved.csv
-rw-r--r-- 1 senthil1 phd   16435 Mar 31 04:21 transcript_words.csv

=== A5: Diagnostics ===
{
  "asr_backend": "faster-whisper (fallback)",
  "n_words_total": 596,
  "n_words_reliable": 594,
  "n_words_flagged": 2,
  "pct_unreliable": 0.34,
  "flag_reasons": {
    "duration_out_of_range": 2,
    "large_gap_over_3s": 0,
    "non_monotonic": 0,
    "missing_timestamp": 0
  },
  "n_segments_raw_whisper": 46,
  "n_segments_after_pysbd": 37,
  "n_segments_merged_short": 9,
  "word_duration_stats": {
    "mean_s": 0.3219,
    "median_s": 0.3,
    "min_s": 0.02,
    "max_s": 0.84,
    "std_s": 0.137
  },
  "inter_word_gap_stats": {
    "mean_s": 0.0337,
    "median_s": 0.0,
    "min_s": 0.0,
    "max_s": 0.78,
    "n_gaps_over_3s": 0,
    "n_negative_gaps": 0
  },
  "segment_stats": {
    "mean_duration_s": 5.44,
    "min_duration_s": 1.08,
    "max_duration_s": 11.64,
    "mean_n_words": 16.1,
    "min_n_words": 4,
    "max_n_words": 37
  },
  "time_coverage": {
    "first_word_time": 3.4999999999999973,
    "last_word_time": 215.44,
    "transcript_span_s": 211.94
  },
  "flagged_word_samples": [
    {
      "word_id": 40,
      "word": "the",
      "start_time": 15.98,
      "end_time": 16.0
    },
    {
      "word_id": 179,
      "word": "the",
      "start_time": 63.56,
      "end_time": 63.6
    }
  ]
}
Finished: videos/A5.mp4 at Tue Mar 31 04:21:03 IST 2026

==========================================
Processing: videos/CTML_03_01.mp4
Start: Tue Mar 31 04:21:03 IST 2026
==========================================
2026-03-31 04:21:17 - whisperx.vads.pyannote - INFO - Performing voice activity detection using Pyannote...
Model was trained with pyannote.audio 0.0.1, yours is 3.4.0. Bad things might happen unless you revert pyannote.audio to 0.x.
Model was trained with torch 1.10.0+cu102, yours is 2.8.0+cu128. Bad things might happen unless you revert torch to 1.x.

=== CTML_03_01: Output files ===
total 4267
drwxr-xr-x 3 senthil1 phd    4096 Mar 31 04:21 .
drwxr-xr-x 7 senthil1 phd    4096 Mar 31 04:21 ..
-rw-r--r-- 1 senthil1 phd 4357256 Mar 31 04:21 audio.wav
drwxr-xr-x 2 senthil1 phd    4096 Mar 31 04:21 diagnostics
-rw-r--r-- 1 senthil1 phd      67 Mar 31 04:21 timings.json
-rw-r--r-- 1 senthil1 phd    1904 Mar 31 04:21 transcript_segments.csv
-rw-r--r-- 1 senthil1 phd    1951 Mar 31 04:21 transcript_segments_improved.csv
-rw-r--r-- 1 senthil1 phd    6182 Mar 31 04:21 transcript_words.csv

=== CTML_03_01: Diagnostics ===
{
  "asr_backend": "faster-whisper (fallback)",
  "n_words_total": 222,
  "n_words_reliable": 222,
  "n_words_flagged": 0,
  "pct_unreliable": 0.0,
  "flag_reasons": {
    "duration_out_of_range": 0,
    "large_gap_over_3s": 0,
    "non_monotonic": 0,
    "missing_timestamp": 0
  },
  "n_segments_raw_whisper": 19,
  "n_segments_after_pysbd": 18,
  "n_segments_merged_short": 1,
  "word_duration_stats": {
    "mean_s": 0.5623,
    "median_s": 0.52,
    "min_s": 0.1,
    "max_s": 1.22,
    "std_s": 0.2244
  },
  "inter_word_gap_stats": {
    "mean_s": 0.049,
    "median_s": 0.0,
    "min_s": 0.0,
    "max_s": 0.92,
    "n_gaps_over_3s": 0,
    "n_negative_gaps": 0
  },
  "segment_stats": {
    "mean_duration_s": 7.17,
    "min_duration_s": 1.64,
    "max_duration_s": 13.22,
    "mean_n_words": 12.3,
    "min_n_words": 4,
    "max_n_words": 26
  },
  "time_coverage": {
    "first_word_time": 0.0,
    "last_word_time": 135.66,
    "transcript_span_s": 135.66
  },
  "flagged_word_samples": []
}
Finished: videos/CTML_03_01.mp4 at Tue Mar 31 04:21:33 IST 2026

==========================================
Processing: videos/Video_evaluation_01.mp4
Start: Tue Mar 31 04:21:33 IST 2026
==========================================
2026-03-31 04:21:46 - whisperx.vads.pyannote - INFO - Performing voice activity detection using Pyannote...
Model was trained with pyannote.audio 0.0.1, yours is 3.4.0. Bad things might happen unless you revert pyannote.audio to 0.x.
Model was trained with torch 1.10.0+cu102, yours is 2.8.0+cu128. Bad things might happen unless you revert torch to 1.x.

=== Video_evaluation_01: Output files ===
total 2548
drwxr-xr-x 3 senthil1 phd    4096 Mar 31 04:21 .
drwxr-xr-x 8 senthil1 phd    4096 Mar 31 04:21 ..
-rw-r--r-- 1 senthil1 phd 2599970 Mar 31 04:21 audio.wav
drwxr-xr-x 2 senthil1 phd    4096 Mar 31 04:21 diagnostics
-rw-r--r-- 1 senthil1 phd      69 Mar 31 04:21 timings.json
-rw-r--r-- 1 senthil1 phd    1216 Mar 31 04:21 transcript_segments.csv
-rw-r--r-- 1 senthil1 phd    1212 Mar 31 04:21 transcript_segments_improved.csv
-rw-r--r-- 1 senthil1 phd    3720 Mar 31 04:21 transcript_words.csv

=== Video_evaluation_01: Diagnostics ===
{
  "asr_backend": "faster-whisper (fallback)",
  "n_words_total": 136,
  "n_words_reliable": 136,
  "n_words_flagged": 0,
  "pct_unreliable": 0.0,
  "flag_reasons": {
    "duration_out_of_range": 0,
    "large_gap_over_3s": 0,
    "non_monotonic": 0,
    "missing_timestamp": 0
  },
  "n_segments_raw_whisper": 13,
  "n_segments_after_pysbd": 10,
  "n_segments_merged_short": 3,
  "word_duration_stats": {
    "mean_s": 0.537,
    "median_s": 0.52,
    "min_s": 0.12,
    "max_s": 1.22,
    "std_s": 0.2167
  },
  "inter_word_gap_stats": {
    "mean_s": 0.0521,
    "median_s": 0.0,
    "min_s": 0.0,
    "max_s": 0.88,
    "n_gaps_over_3s": 0,
    "n_negative_gaps": 0
  },
  "segment_stats": {
    "mean_duration_s": 7.68,
    "min_duration_s": 3.3,
    "max_duration_s": 12.88,
    "mean_n_words": 13.6,
    "min_n_words": 6,
    "max_n_words": 22
  },
  "time_coverage": {
    "first_word_time": 0.0,
    "last_word_time": 80.06,
    "transcript_span_s": 80.06
  },
  "flagged_word_samples": []
}
Finished: videos/Video_evaluation_01.mp4 at Tue Mar 31 04:21:56 IST 2026

==========================================
Processing: videos/test_video.mp4
Start: Tue Mar 31 04:21:56 IST 2026
==========================================
2026-03-31 04:22:10 - whisperx.vads.pyannote - INFO - Performing voice activity detection using Pyannote...
Model was trained with pyannote.audio 0.0.1, yours is 3.4.0. Bad things might happen unless you revert pyannote.audio to 0.x.
Model was trained with torch 1.10.0+cu102, yours is 2.8.0+cu128. Bad things might happen unless you revert torch to 1.x.

=== test_video: Output files ===
total 14986
drwxr-xr-x 3 senthil1 phd     4096 Mar 31 04:22 .
drwxr-xr-x 9 senthil1 phd     4096 Mar 31 04:21 ..
-rw-r--r-- 1 senthil1 phd 15279180 Mar 31 04:22 audio.wav
drwxr-xr-x 2 senthil1 phd     4096 Mar 31 04:22 diagnostics
-rw-r--r-- 1 senthil1 phd       67 Mar 31 04:22 timings.json
-rw-r--r-- 1 senthil1 phd     9551 Mar 31 04:22 transcript_segments.csv
-rw-r--r-- 1 senthil1 phd     8972 Mar 31 04:22 transcript_segments_improved.csv
-rw-r--r-- 1 senthil1 phd    37302 Mar 31 04:22 transcript_words.csv

=== test_video: Diagnostics ===
{
  "asr_backend": "faster-whisper (fallback)",
  "n_words_total": 1324,
  "n_words_reliable": 1309,
  "n_words_flagged": 15,
  "pct_unreliable": 1.13,
  "flag_reasons": {
    "duration_out_of_range": 13,
    "large_gap_over_3s": 2,
    "non_monotonic": 0,
    "missing_timestamp": 0
  },
  "n_segments_raw_whisper": 110,
  "n_segments_after_pysbd": 64,
  "n_segments_merged_short": 46,
  "word_duration_stats": {
    "mean_s": 0.3121,
    "median_s": 0.28,
    "min_s": 0.0,
    "max_s": 3.54,
    "std_s": 0.1787
  },
  "inter_word_gap_stats": {
    "mean_s": 0.0465,
    "median_s": 0.0,
    "min_s": 0.0,
    "max_s": 16.84,
    "n_gaps_over_3s": 2,
    "n_negative_gaps": 0
  },
  "segment_stats": {
    "mean_duration_s": 6.62,
    "min_duration_s": 1.9,
    "max_duration_s": 13.22,
    "mean_n_words": 20.7,
    "min_n_words": 6,
    "max_n_words": 39
  },
  "time_coverage": {
    "first_word_time": 0.9799999999999978,
    "last_word_time": 475.74,
    "transcript_span_s": 474.76
  },
  "flagged_word_samples": [
    {
      "word_id": 770,
      "word": "a",
      "start_time": 263.86,
      "end_time": 263.88
    },
    {
      "word_id": 771,
      "word": "large",
      "start_time": 263.88,
      "end_time": 263.88
    },
    {
      "word_id": 772,
      "word": "number",
      "start_time": 263.88,
      "end_time": 263.88
    },
    {
      "word_id": 940,
      "word": "numbers",
      "start_time": 324.0,
      "end_time": 327.54
    },
    {
      "word_id": 943,
      "word": "the",
      "start_time": 328.84,
      "end_time": 328.84
    },
    {
      "word_id": 945,
      "word": "surrounding",
      "start_time": 329.04,
      "end_time": 329.04
    },
    {
      "word_id": 946,
      "word": "the",
      "start_time": 329.04,
      "end_time": 329.04
    },
    {
      "word_id": 947,
      "word": "word",
      "start_time": 329.04,
      "end_time": 329.04
    },
    {
      "word_id": 1195,
      "word": "If",
      "start_time": 425.16,
      "end_time": 425.72
    },
    {
      "word_id": 1313,
      "word": "Thanks",
      "start_time": 473.62,
      "end_time": 473.82
    },
    {
      "word_id": 1314,
      "word": "for",
      "start_time": 473.82,
      "end_time": 473.82
    },
    {
      "word_id": 1315,
      "word": "watching,",
      "start_time": 473.82,
      "end_time": 473.82
    },
    {
      "word_id": 1316,
      "word": "and",
      "start_time": 473.82,
      "end_time": 473.82
    },
    {
      "word_id": 1319,
      "word": "you",
      "start_time": 474.36,
      "end_time": 474.38
    },
    {
      "word_id": 1320,
      "word": "in",
      "start_time": 474.38,
      "end_time": 474.4
    }
  ]
}
Finished: videos/test_video.mp4 at Tue Mar 31 04:22:59 IST 2026

=== All Stage 1 Done ===
End: Tue Mar 31 04:22:59 IST 2026
